<!DOCTYPE html>
<html>
<head>
  <title>BUTTON_GROUP</title>
  <link rel="stylesheet" href="assets/style.css">
  <link rel="stylesheet" href="assets/prism.css">
</head>
<body>
  <nav>
    <ul>
      <li><a href="BUTTON.html">BUTTON</a></li>
      <li><a href="BUTTON_GROUP.html">BUTTON_GROUP</a></li>
    </ul>
  </nav>
  <article>

    <h1>BUTTON_GROUP</h1>
    <div class="description">A group that contains buttons</div>
    <pre><code class="language-markup">&lt;div class=&quot;ui-button-group&quot;&gt;
  ...
&lt;/div&gt;</code></pre>

    <h2>Options</h2>
    <table>
      <tr>
        <td><code>opt-foo</code></td>
        <td>Adds that foo style!</td>
      </tr>
    </table>


    <h2>Can contain</h2>
    <ul>
      <li><a href="BUTTON.html">BUTTON</a></li>
    </ul>


  </article>
  <script src="assets/prism.js"></script>
</body>
</html>
